// Jest Snapshot v1, https://goo.gl/fbAQLP

exports[`ForecastDetails renders correctly 1`] = `
<DocumentFragment>
  <div
    class="forecast-details"
  >
    <div
      class="forecast-details__date"
    >
      Thursday 1st January
    </div>
    <div
      class="forecast-details__temperature"
    >
      Max Temperature: 22°C
    </div>
    <div
      class="forecast-details__temperature"
    >
      Min Temperature: 12°C
    </div>
    <div
      class="forecast-details__humidity"
    >
      Humidity: 80
    </div>
    <div
      class="forecast-details__wind"
    >
      Wind: 60ene
    </div>
  </div>
</DocumentFragment>
`;
