// Jest Snapshot v1, https://goo.gl/fbAQLP

exports[`ForecastDetails renders correctly 1`] = `
<DocumentFragment>
  <div
    class="forecast-details"
  >
    <div
      class="forecast-details__date"
    >
      <p
        class="forecast-details__date"
      >
        Thu Jan 01 1970
      </p>
    </div>
    <div
      class="forecast-details__temperature"
    >
      <p
        class="forecast-details__temperature"
      >
        Max Temperature: 22°C
      </p>
    </div>
    <div
      class="forecast-details__temperature"
    >
      <p
        class="forecast-details__temperature"
      >
        Min Temperature: 12°C
      </p>
    </div>
    <div
      class="forecast-details__humidity"
    >
      <p
        class="forecast-details__humidity"
      >
        Humidity: 80
      </p>
    </div>
    <div
      class="forecast-details__wind"
    >
      <p
        class="forecast-details__wind"
      >
        Wind: 60s
      </p>
    </div>
  </div>
</DocumentFragment>
`;
