// Jest Snapshot v1, https://goo.gl/fbAQLP

exports[`SearchForm render correctly 1`] = `
<DocumentFragment>
  <form
    class="search-form"
  >
    <input
      placeholder="Enter city..."
      type="text"
      value="Nottingham"
    />
    <button
      data-testid="button-text"
      type="submit"
    >
      Search
    </button>
  </form>
</DocumentFragment>
`;
